N = 1847
n06 = 44 (expect 44)
n82 = 39 P82 = 0.021115322144017325

=== all 44 06-windows (i, prepre, pre, suc, sucsuc) ===
@6: 47 41 [6] 77=le 78
@85: 16 14 [6] 88 77=le
@184: 23 37 [6] 0 33
@206: 63 42 [6] 77=le 44
@215: 77=le 78 [6] 59=est 46=que
@267: 33 42 [6] 73 47
@271: 47 11=la [6] 67 33
@319: 32 94=ne [6] 11=la 92
@346: 87=ce 1 [6] 70=pre 12
@370: 70=pre 17 [6] 21 65
@399: 82=m 48 [6] 11=la 45
@470: 79 80 [6] 67 46=que
@522: 91 77=le [6] 55 81
@544: 48 42 [6] 0 46=que
@580: 94=ne 82=m [6] 6 50
@581: 82=m 6 [6] 50 10
@666: 3 62 [6] 0 20
@738: 18 82=m [6] 0 36
@773: 94=ne 7 [6] 94=ne 15
@789: 65 84 [6] 77=le 64=qui
@890: 0 86 [6] 77=le 76
@967: 19 24 [6] 77=le 76
@1080: 78 64=qui [6] 52 89
@1091: 79 80 [6] 43 7
@1096: 55 81 [6] 29=er 67
@1120: 70=pre 12 [6] 14 6
@1122: 6 14 [6] 11=la 52
@1184: 94=ne 82=m [6] 6 59=est
@1185: 82=m 6 [6] 59=est 42
@1188: 59=est 42 [6] 84 59=est
@1252: 26 30 [6] 65 46=que
@1328: 56 30 [6] 62 94=ne
@1355: 94=ne 82=m [6] 52 37
@1388: 82=m 16 [6] 29=er 67
@1475: 53 60 [6] 67 33
@1537: 41 62 [6] 21 62
@1562: 26 30 [6] 60 71
@1667: 84 64=qui [6] 91 11=la
@1709: 26 12 [6] 29=er 40=e
@1720: 47 68 [6] 11=la 52
@1734: 56 30 [6] 60 12
@1747: 56 40=e [6] 65 34=i
@1762: 15 93 [6] 77=le 84
@1815: 50 42 [6] 29=er 37

=== 82->06 windows: [580, 738, 1184, 1355] n = 4
NOT on predicted W06 (partition defect): [580, 738, 1184, 1355]
94-82-06 trigrams (06 positions): [580, 1184, 1355]

pre profile: {1: 1, 6: 2, 7: 1, 11: 1, 12: 2, 14: 2, 16: 1, 17: 1, 24: 1, 30: 4, 37: 1, 40: 1, 41: 1, 42: 5, 48: 1, 60: 1, 62: 2, 64: 2, 68: 1, 77: 1, 78: 1, 80: 2, 81: 1, 82: 4, 84: 1, 86: 1, 93: 1, 94: 1}
suc profile: {0: 4, 6: 2, 11: 4, 14: 1, 21: 2, 29: 4, 43: 1, 50: 1, 52: 2, 55: 1, 59: 2, 60: 2, 62: 1, 65: 2, 67: 3, 70: 1, 73: 1, 77: 6, 84: 1, 88: 1, 91: 1, 94: 1}

pre profile (glossed): {'1': 1, '6': 2, '7': 1, '11=la': 1, '12': 2, '14': 2, '16': 1, '17': 1, '24': 1, '30': 4, '37': 1, '40=e': 1, '41': 1, '42': 5, '48': 1, '60': 1, '62': 2, '64=qui': 2, '68': 1, '77=le': 1, '78': 1, '80': 2, '81': 1, '82=m': 4, '84': 1, '86': 1, '93': 1, '94=ne': 1}
suc profile (glossed): {'0': 4, '6': 2, '11=la': 4, '14': 1, '21': 2, '29=er': 4, '43': 1, '50': 1, '52': 2, '55': 1, '59=est': 2, '60': 2, '62': 1, '65': 2, '67': 3, '70=pre': 1, '73': 1, '77=le': 6, '84': 1, '88': 1, '91': 1, '94=ne': 1}

=== coincidence probe ===
E[82->06] under independence = 0.93; obs = 4; enrichment = 4.31x; exact P(X>=4) = 0.0138

islet-4 suc profile: {'6': 4}
other-40 suc profile: {'0': 4, '6': 2, '11=la': 4, '14': 1, '21': 2, '29=er': 4, '43': 1, '50': 1, '52': 2, '55': 1, '59=est': 2, '60': 2, '62': 1, '65': 2, '67': 3, '70=pre': 1, '73': 1, '77=le': 6, '84': 1, '88': 1, '91': 1, '94=ne': 1}
other-40 windows sharing an islet successor group: 2/40

=== islet window contexts (±4) ===
@579: 13=? 55=? 61=? 94=? [82=m] 6=? 6=? 50=? 10=?
@737: 85=? 93=? 76=? 18=? [82=m] 6=? 0=? 36=? 20=?
@1183: 37=? 77=? 78=? 94=? [82=m] 6=? 6=? 59=? 42=?
@1354: 48=? 77=? 78=? 94=? [82=m] 6=? 52=? 37=? 64=?

=== @737 lone-82-06: extended contact ===
pairs @730-742: 88 11=la 24 85 93 76 18 82=m 6 0 36 20 30
