
############ (a) H2: 77 = "pas" ############
cipher: 77 freq=44 rank=6 | 06 freq=46 rank=4
cipher: 06->77 = 6/46 = 0.1304 | 67->77 = 6/37 = 0.1622 | 46->77 = 1 | 46->06 = 0
era: rank(ne)=19 rank(pas)=34 rank(que)=9 rank(plus)=23
era: n(ne)/n(pas)=1.8222 | P(pas|ne)=0.0112 | P(pas|que)=0.0000 | P(ne|que)=0.0028 | P(que|ne)=0.0000 | P(plus|ne)=0.0011 | P(ne|pas)=0.00000
era: top-10 followers of "ne": [('saurait', 122), ('peut', 117), ('se', 106), ('s', 83), ('sont', 74), ('peuvent', 49), ('pourra', 48), ('l', 44), ('sera', 31), ('les', 31)]
cipher: top-10 followers of 06: [('77', 6), ('29', 5), ('00', 4), ('11', 4), ('67', 3), ('59', 2), ('21', 2), ('06', 2), ('52', 2), ('65', 2)]
cipher: top-10 predecessors of 77: [('06', 6), ('67', 6), ('88', 3), ('64', 3), ('17', 3), ('74', 2), ('43', 2), ('87', 2), ('37', 2), ('80', 2)]
== H2 77="pas": REFUTED (1 pass / 4 fail / 2 info)
   [FAIL] rank band: cipher rank(77)=6 vs era word rank("pas")=34 (broad 4x band)
   [PASS] ratio: 06/77=1.045 vs era n(ne)/n(pas)=1.822
   [FAIL] bigram: cipher P(77|06)=0.1304 vs era P(pas|ne)=0.0112
   [FAIL] joint control "que->pas": cipher P(77|46)=0.0345 vs era P(pas|que)=0.00000 (both ~absent)
   [FAIL] joint control "que->ne": cipher P(06|46)=0.0000 vs era P(ne|que)=0.0028
   [info] caveat: 67->77 = 6/37 = 16.2% — "ne"-like predecessor; 67 unidentified (see H2/H3 joint note)
   [info] caveat: 77 heads the r1 repeat 77-78-94-82(m)-06 x2 (linguist H5: "J'ai l'honneur de"?) — proper-noun/word-family rival unscored, null as test

-- rivals for 77 --
era P(que|que)=0.00000; cipher P(77|46)=0.0345 (1/29)
== RIVAL 77="que": REFUTED (1 pass / 2 fail / 0 info)
   [PASS] RIVAL 77="que": rank band cipher rank(77)=6 vs era rank("que")=9
   [FAIL] RIVAL 77="que": cipher P(77|06)=0.1304 as "ne->que" vs era P(que|ne)=0.0000 (restrictive "ne...que" is real in prose)
   [FAIL] RIVAL 77="que": cipher P(77|46)=0.0345 vs era P(que|que)=0.00000 — CONTRADICTION: 46=que -> 77 far too often for que->que
== RIVAL 77="plus": REFUTED (1 pass / 1 fail / 0 info)
   [PASS] RIVAL 77="plus": rank band cipher rank(77)=6 vs era rank("plus")=23
   [FAIL] RIVAL 77="plus": cipher P(77|06)=0.1304 vs era P(plus|ne)=0.0011
== RIVAL 77="ne"-swap: REFUTED (0 pass / 1 fail / 0 info)
   [FAIL] RIVAL 77="ne" (swap with 06): cipher 06->77=0.1364 as "pas->ne" vs era P(ne|pas)=0.00000 ~0 — ungrammatical, swap REFUTED

############ (b) H3: 06 = "ne" ############
cipher: 06 rank=4 freq=46 | distinct preds=30 followers=23 | top follower=77 x6
cipher: 06->87(ce) = 0 (0.0000) | 06->46(que) = 0
era: rank(ne)=19 | P(pas|ne)=0.0112 | P(ne|pas)=0.00000
era followers of "ne" (top12): [('saurait', 122), ('peut', 117), ('se', 106), ('s', 83), ('sont', 74), ('peuvent', 49), ('pourra', 48), ('l', 44), ('sera', 31), ('les', 31), ('faut', 29), ('le', 26)]
cipher followers of 06 (top12): [('77', 6), ('29', 5), ('00', 4), ('11', 4), ('67', 3), ('59', 2), ('21', 2), ('06', 2), ('52', 2), ('65', 2), ('60', 2), ('88', 1)]
cipher predecessors of 06 (top12): [('42', 5), ('82', 4), ('30', 4), ('14', 2), ('80', 2), ('06', 2), ('62', 2), ('64', 2), ('12', 2), ('41', 1), ('37', 1), ('78', 1)]
== H3 06="ne": INCONCLUSIVE (3 pass / 3 fail / 0 info)
   [FAIL] rank band: cipher rank(06)=4 vs era word rank("ne")=19 (broad 4x band)
   [PASS] ratio (shared with H2): 06/77=1.045 vs era n(ne)/n(pas)=1.822
   [FAIL] bigram: cipher P(77=pas|06)=0.1304 vs era P(pas|ne)=0.0112
   [PASS] particle-dominance: top follower of 06 is 77 ("pas") at 13.0% — era "ne" is followed overwhelmingly by negation particles ['saurait', 'peut', 'se', 's', 'sont', 'peuvent']
   [PASS] predecessor diversity: 06 has 30 distinct predecessors (era "ne" takes subjects/clause-initials freely)
   [FAIL] era-profile probe: cipher P(87=ce|06)=0.0000 vs era P(ce|de)=0.0167 — neutral control (de-like vs ne-like follower mix)

-- rivals for 06 --
era: rank(de)=1 | P(pas|de)=0.00000 | P(ne|de)=0.0030 | P(ce|de)=0.0167
== RIVAL 06="de": REFUTED (1 pass / 2 fail / 0 info)
   [PASS] RIVAL 06="de": rank band cipher rank(06)=4 vs era rank("de")=1
   [FAIL] RIVAL 06="de": cipher P(77|06)=0.1304 as "de->pas" vs era P(pas|de)=0.00000 ~0 — ungrammatical
   [FAIL] RIVAL 06="de": cipher P(87=ce|06)=0.0000 vs era P(ce|de)=0.0167
== RIVAL 06="le": REFUTED (0 pass / 1 fail / 0 info)
   [FAIL] RIVAL 06="le": cipher P(77|06)=0.1304 as "le->pas" vs era P(pas|le)=0.00000 ~0 — ungrammatical

############ (c) H4: 96="par" / 96="de" ############
cipher: 96 freq=21 rank=36 | 96->87 = 3/21 = 0.1429 | 96-87-46 @[224, 951, 1525]
cipher: top-10 followers of 96: [('00', 3), ('87', 3), ('21', 3), ('43', 2), ('45', 2), ('82', 2), ('56', 1), ('47', 1), ('40', 1), ('09', 1)]
cipher: top-10 predecessors of 96: [('64', 3), ('82', 3), ('61', 2), ('48', 2), ('62', 1), ('32', 1), ('42', 1), ('26', 1), ('33', 1), ('37', 1)]
cipher: distinct preds=15 followers=12
era: rank(par)=31 rank(de)=1 rank(pour)=30 rank(a/à)=27
era: n(parce)/n(par)=0.1274 (132/1036) | P(que|parce)=0.3258 | P(ce|par)=0.01255
era: P(ce|de)=0.0167 | P(que|"de ce")=0.1046 (n=153) | P(ce|pour)=0.00567 | P(ce|a/à)=0.01645
== H4a 96="par": INCONCLUSIVE (3 pass / 1 fail / 0 info)
   [PASS] "par" rank band: cipher rank(96)=36 vs era rank("par")=31 (broad 4x band)
   [PASS] "parce" compound: cipher P(87=ce|96)=0.1429 vs era n(parce)/n(par)=0.1274
   [FAIL] "parce que" frame: cipher P(46=que|96,87)=3/3=1.00 vs era P(que|parce)=0.3258
   [PASS] function-word diversity: 96 has 15 distinct preds / 12 distinct followers
== H4b 96="de": REFUTED (1 pass / 3 fail / 0 info)
   [FAIL] "de" rank band: cipher rank(96)=36 vs era rank("de")=1 (broad 4x band)
   [FAIL] "de ce": cipher P(87=ce|96)=0.1429 vs era P(ce|de)=0.0167
   [FAIL] "de ce que" frame: cipher P(46=que|96,87)=1.00 vs era P(que|"de ce")=0.1046 (n=153)
   [PASS] function-word diversity: 96 has 15 distinct preds / 12 distinct followers

-- rivals for 96 --
== RIVAL 96="pour": REFUTED (1 pass / 1 fail / 0 info)
   [PASS] RIVAL 96="pour": rank band cipher rank(96)=36 vs era rank("pour")=30
   [FAIL] RIVAL 96="pour": cipher P(87=ce|96)=0.1429 vs era P(ce|pour)=0.00567 ~0 — "pour ce" rare in formal prose
== RIVAL 96="a/à": REFUTED (0 pass / 1 fail / 0 info)
   [FAIL] RIVAL 96="a/à": cipher P(87=ce|96)=0.1429 vs era P(ce|a/à)=0.01645 ~0 — "a ce" ungrammatical

############ (d) H4c: 41="der", 08="ni" ############
cipher: 41 freq=19 rank=40 | 08 freq=19 rank=42
cipher: 41-08 occurrences @[59] (n=1); 41-08-34-29-40 5-mer @[59] (n=1)
cipher: P(08|41)=1/19=0.0526 | followers of 41: [('12', 2), ('15', 2), ('06', 1), ('01', 1), ('08', 1), ('98', 1), ('17', 1), ('10', 1)]
cipher: context @55-70: 58 35 53 12 41 08 34 29 40 12 94 92 69 13 24
cipher: 41-08 pair rate = 1/1845 = 0.000542
era: "der*"-initial words = 109 (0.000507 of words); "derni*"-initial = 99; dernier* forms = 98
era: P(word continues "der"+"ni" | starts "der") = 99/109 = 0.9083
era rivals: terni/ter = 0/279 | derni... merni/mer = 0/53
== H4c 41="der"/08="ni": INCONCLUSIVE (2 pass / 1 fail / 0 info)
   [PASS] positional frame: 41-08 @[59] immediately left of 34-29-40 ("-iere") @61-63, forming the full 41-08-34-29-40 "der-ni-i-er-e" frame (anchors: 34=i,29=er,40=e)
   [PASS] rate band: cipher 41-08 pair rate=0.000542 vs era "der*"-initial word rate=0.000507 (broad 4x band)
   [FAIL] continuation: cipher P(08|41)=0.053 vs era P(word continues "derni" | starts "der")=0.9083

-- rivals for 41/08 --
== RIVAL 41="ter"/08="ni": REFUTED (0 pass / 1 fail / 0 info)
   [FAIL] RIVAL 41="ter",08="ni": cipher P(08|41)=0.053 vs era P("terni"|"ter*")=0.0000 ~0
== RIVAL 41="mer"/08="ni": REFUTED (0 pass / 1 fail / 0 info)
   [FAIL] RIVAL 41="mer",08="ni": cipher P(08|41)=0.053 vs era P("merni"|"mer*")=0.0000 ~0

[done] wrote hypothesis_sweeper_results.json
{
 "H2 77=\"pas\"": {
  "verdict": "REFUTED",
  "passed": 1,
  "failed": 4
 },
 "RIVAL 77=\"que\"": {
  "verdict": "REFUTED",
  "passed": 1,
  "failed": 2
 },
 "RIVAL 77=\"plus\"": {
  "verdict": "REFUTED",
  "passed": 1,
  "failed": 1
 },
 "RIVAL 77=\"ne\"-swap": {
  "verdict": "REFUTED",
  "passed": 0,
  "failed": 1
 },
 "H3 06=\"ne\"": {
  "verdict": "INCONCLUSIVE",
  "passed": 3,
  "failed": 3
 },
 "RIVAL 06=\"de\"": {
  "verdict": "REFUTED",
  "passed": 1,
  "failed": 2
 },
 "RIVAL 06=\"le\"": {
  "verdict": "REFUTED",
  "passed": 0,
  "failed": 1
 },
 "H4a 96=\"par\"": {
  "verdict": "INCONCLUSIVE",
  "passed": 3,
  "failed": 1
 },
 "H4b 96=\"de\"": {
  "verdict": "REFUTED",
  "passed": 1,
  "failed": 3
 },
 "RIVAL 96=\"pour\"": {
  "verdict": "REFUTED",
  "passed": 1,
  "failed": 1
 },
 "RIVAL 96=\"a/\u00e0\"": {
  "verdict": "REFUTED",
  "passed": 0,
  "failed": 1
 },
 "H4c 41=\"der\"/08=\"ni\"": {
  "verdict": "INCONCLUSIVE",
  "passed": 2,
  "failed": 1
 },
 "RIVAL 41=\"ter\"/08=\"ni\"": {
  "verdict": "REFUTED",
  "passed": 0,
  "failed": 1
 },
 "RIVAL 41=\"mer\"/08=\"ni\"": {
  "verdict": "REFUTED",
  "passed": 0,
  "failed": 1
 }
}
