calib: 11=la cipher_rate=0.0238 era_rate=0.03105 infl=0.77
calib: 46=que cipher_rate=0.0157 era_rate=0.01332 infl=1.18
calib: 87=ce cipher_rate=0.0173 era_rate=0.00528 infl=3.28
calib: 64=qui cipher_rate=0.0249 era_rate=0.01098 infl=2.27
calib: median inflation(all)=1.72  (pencil-only la/que)=0.97
era unigram rates: la=0.03105 que=0.01332 ce=0.00528 qui=0.01098 pas=0.00458 ne=0.00834 par=0.00482 de=0.04253 pour=0.00492

############ (a) H2: 77 = "pas" ############
cipher: 77 n=44 rank=6 | 06 n=46 rank=4
cipher: 06->77 6/46=0.1304 | 77 preceded-by-06 6/44=0.1364 | 67->77 6/37=0.1622 | 46->77 1 | 46->06 0
era: n(ne/n')=3156 n(pas)=984 ratio=3.2073 | P(pas|ne)=0.0063 | P(ne|pas)=0.0203
era: P(pas|que)=0.00000 P(ne|que)=0.00559 P(que|ne)=0.00000 P(plus|ne)=0.0006 P(la|pas)=0.0244 P(ce|pas)=0.0020
era: top-10 predecessors of "pas": [('est', 163), ('a', 102), ('sont', 43), ('ont', 41), ('donc', 32), ('faut', 22), ('ne', 20), ('non', 18), ('existe', 15), ('avait', 14)]
era: top-10 followers of "pas": [('de', 102), ('seulement', 46), ('à', 44), ('d', 33), ('toujours', 29), ('le', 28), ('plus', 28), ('la', 24), ('que', 24), ('les', 23)]
cipher predecessors of 77 (top12): [('06', 6), ('67', 6), ('88', 3), ('64', 3), ('17', 3), ('74', 2), ('43', 2), ('87', 2), ('37', 2), ('80', 2), ('48', 2), ('63', 1)]
== H2 77="pas": INCONCLUSIVE (4 pass / 3 fail / 3 info)
   [PASS] freq: cipher P(77)=0.0238 vs inflation-scaled era P("pas")=0.0079 (infl=1.7, band 4x)
   [FAIL] ratio: 06/77=1.045 vs era n(ne/n')/n(pas)=3.207 (factor-2 band; caveat: cipher 77 also covers pas-syllable inside passe/passer/repas, depressing the cipher ratio)
   [FAIL] bigram FWD: cipher P(77|06)=0.1304 vs era P(pas|ne/n')=0.0063 — 20.6x MISS
   [FAIL] bigram BWD: cipher P(06|77)=0.1364 vs era P(ne/n'|pas)=0.0203 — 6.7x (same adjacency fact as FWD, other direction; not fully independent)
   [PASS] follower-anchor probe: cipher P(11=la|77)=1/44=0.023 vs era P(la|pas)=0.0244 (3x band)
   [info] follower-anchor probe (ce leg, n=1, info only): cipher P(87=ce|77)=1/44=0.023 vs era P(ce|pas)=0.0020 — count rule: exp 0.09, consistent-but-weak
   [PASS] joint "que->pas": cipher 46->77=1/29 (exp 0.00, thr 2.0) vs era P(pas|que)=0.00000
   [PASS] joint "que->ne": cipher 46->06=0/29 (exp 0.16, thr 2.4) vs era P(ne/n'|que)=0.00559
   [info] caveat: 67->77 = 6/37 = 16.2%% — a "ne"-like predecessor of 77; 67 unidentified (joint 06/77 note)
   [info] caveat: 77 heads the r1 repeat 77-78-94-82(m)-06 x2 — word-family/proper-noun rival (linguist H5) unscored

-- rivals for 77 --
era P(que|que)=0.00000
== RIVAL 77="que": INCONCLUSIVE (2 pass / 1 fail / 0 info)
   [PASS] RIVAL 77="que": freq: cipher P(77)=0.0238 vs inflation-scaled era P("que")=0.0230 (infl=1.7, band 4x)
   [FAIL] RIVAL 77="que": cipher 06->77=6/46 (exp 0.00, thr 2.0) as "ne->que" vs era P(que|ne/n')=0.00000 — restrictive "ne...que" is non-adjacent in prose
   [PASS] RIVAL 77="que": cipher 46->77=1/29 (exp 0.00, thr 2.0) vs era P(que|que)=0.00000
== RIVAL 77="plus": REFUTED (1 pass / 1 fail / 0 info)
   [PASS] RIVAL 77="plus": freq: cipher P(77)=0.0238 vs inflation-scaled era P("plus")=0.0121 (infl=1.7, band 4x)
   [FAIL] RIVAL 77="plus": cipher 06->77=6/46 (exp 0.03, thr 2.1) as "ne->plus" vs era P(plus|ne/n')=0.0006
== RIVAL 77="ne"-swap: REFUTED (0 pass / 1 fail / 0 info)
   [FAIL] RIVAL 77="ne" (swap with 06): cipher 06->77=6/44 (exp 0.00, thr 2.0) as "pas->ne" vs era P(ne/n'|pas)=0.00000 ~0 — ungrammatical

############ (b) H3: 06 = "ne" ############
cipher: 06 n=46 rank=4 | preds=30 followers=23 | top follower=77 x6 (0.130)
cipher: 06->77=6 06->29(er)=5 06->00=4 06->11(la)=4 06->87(ce)=0 06->46(que)=0
era: top followers of ne/n': [('est', 324), ('a', 193), ('y', 177), ('ont', 125), ('saurait', 122), ('peut', 117), ('se', 106), ('s', 84)] (top share 0.1027)
era: P(ce|ne)=0.0000 P(que|qu'|ne)=0.00000 P(word starts "er"|ne)=0.0000
cipher predecessors of 06 (top12): [('42', 5), ('82', 4), ('30', 4), ('14', 2), ('80', 2), ('06', 2), ('62', 2), ('64', 2), ('12', 2), ('41', 1), ('37', 1), ('78', 1)]
== H3 06="ne": INCONCLUSIVE (6 pass / 2 fail / 0 info)
   [PASS] freq: cipher P(06)=0.0249 vs inflation-scaled era P("ne")=0.0144 (infl=1.7, band 4x)
   [FAIL] ratio (SHARED with H2, not independent): 06/77=1.045 vs era n(ne/n')/n(pas)=3.207
   [PASS] dominance profile: cipher top follower of 06 is 77 at 13.0% vs era top follower of "ne" ("est") at 10.3% (4x band)
   [PASS] predecessor diversity: 06 has 30 distinct predecessors (era "ne" takes subjects/clause-initials freely)
   [PASS] anchor-follower "ne->ce": cipher 06->87=0/46 (exp 0.00, thr 2.0) vs era P(ce|ne/n')=0.0000
   [PASS] anchor-follower "ne->que": cipher 06->46=0/46 (exp 0.00, thr 2.0) vs era P(que|qu'|ne/n')=0.00000
   [FAIL] ANOMALY "ne->er": cipher 06->29(er)=5/46=0.109 (exp 0.00, thr 2.0) vs era P(word-initial "er"|ne/n')=0.0000 — EXCEEDS count rule: unexplained under 06="ne"
   [PASS] negative "que->ne": cipher 46->06=0/29 (exp 0.16, thr 2.4) vs era P(ne/n'|que)=0.00559

-- rivals for 06 --
era: P(pas|de)=0.00000 P(ce|de)=0.0167
== RIVAL 06="de": REFUTED (2 pass / 1 fail / 0 info)
   [PASS] RIVAL 06="de": freq: cipher P(06)=0.0249 vs inflation-scaled era P("de")=0.0733 (infl=1.7, band 4x)
   [FAIL] RIVAL 06="de": cipher 06->77=6/46 (exp 0.00, thr 2.0) as "de->pas" vs era P(pas|de)=0.00000 ~0 — ungrammatical
   [PASS] RIVAL 06="de": cipher 06->87=0/46 (exp 0.77, thr 3.8) as "de->ce" vs era P(ce|de)=0.0167
era: P(pas|le)=0.00000
== RIVAL 06="le": REFUTED (1 pass / 1 fail / 0 info)
   [PASS] RIVAL 06="le": freq: cipher P(06)=0.0249 vs inflation-scaled era P("le")=0.0367 (infl=1.7, band 4x)
   [FAIL] RIVAL 06="le": cipher 06->77=6/46 (exp 0.00, thr 2.0) as "le->pas" vs era P(pas|le)=0.00000 ~0 — ungrammatical

############ (c) H4: 96="par" / 96="de" ############
cipher: 96 n=21 rank=36 | 96->87 3/21=0.1429 | 96-87-46 @[224, 951, 1525]
cipher: followers of 96 (top10): [('00', 3), ('87', 3), ('21', 3), ('43', 2), ('45', 2), ('82', 2), ('56', 1), ('47', 1), ('40', 1), ('09', 1)]
cipher: predecessors of 96 (top10): [('64', 3), ('82', 3), ('61', 2), ('48', 2), ('62', 1), ('32', 1), ('42', 1), ('26', 1), ('33', 1), ('37', 1)]
era: n(parce)=132 n(par)=1036 ratio=0.1274 | P(que|qu'|parce)=1.0000 | P(ce|par)=0.01255
era: P(ce|de)=0.0167 | P(que|qu'|"de ce")=0.1961 (n=153) | P(ce|pour)=0.00567 | P(ce|a/à)=0.01645
== H4a 96="par": CONFIRMED (4 pass / 0 fail / 0 info)
   [PASS] freq: cipher P(96)=0.0114 vs inflation-scaled era P("par")=0.0083 (infl=1.7, band 4x)
   [PASS] "parce" compound: cipher P(87=ce|96)=0.1429 vs era n(parce)/n(par)=0.1274 (132/1036)
   [PASS] "parce que" frame: cipher P(46=que|96,87)=3/3=1.00 vs era P(que|qu'|parce)=1.0000 (n=3, weak)
   [PASS] function-word diversity: 96 has 15 distinct preds / 12 distinct followers
== H4b 96="de": REFUTED (1 pass / 3 fail / 0 info)
   [FAIL] freq: cipher P(96)=0.0114 vs inflation-scaled era P("de")=0.0733 (infl=1.7, band 4x)
   [FAIL] "de ce": cipher P(87=ce|96)=0.1429 vs era P(ce|de)=0.0167
   [FAIL] "de ce que" frame: cipher P(46=que|96,87)=1.00 vs era P(que|qu'|"de ce")=0.1961 (n(de,ce)=153)
   [PASS] function-word diversity: 96 has 15 distinct preds / 12 distinct followers

-- rivals for 96 --
== RIVAL 96="pour": REFUTED (1 pass / 1 fail / 0 info)
   [PASS] RIVAL 96="pour": freq: cipher P(96)=0.0114 vs inflation-scaled era P("pour")=0.0085 (infl=1.7, band 4x)
   [FAIL] RIVAL 96="pour": cipher P(87=ce|96)=0.1429 vs era P(ce|pour)=0.00567 — "pour ce" rare in formal prose
== RIVAL 96="a/à": REFUTED (0 pass / 1 fail / 0 info)
   [FAIL] RIVAL 96="a/à": cipher P(87=ce|96)=0.1429 vs era P(ce|a/à)=0.01645 ~0 — "a ce" ungrammatical

############ (d) H4c: 41="der", 08="ni" ############
cipher: 41 n=19 rank=40 | 08 n=19 rank=42
cipher: 41-08 @[59] (n=1); full 41-08-34-29-40 "-iere" frame n=1
cipher: P(08|41)=1/19=0.0526 | followers of 41: [('12', 2), ('15', 2), ('06', 1), ('01', 1), ('08', 1), ('98', 1), ('17', 1), ('10', 1)] | followers of 08: [('31', 3), ('65', 2), ('62', 2), ('91', 1), ('34', 1), ('21', 1), ('67', 1), ('24', 1)]
cipher: context @55-70: 58 35 53 12 41 08 34 29 40 12 94 92 69 13 24
cipher: 41-08 pair rate = 1/1845 = 0.000542
era: "der*"-initial words=109 (rate 0.000507); "derni*"-initial=99; P(derni|der*)=0.9083
== H4c 41="der"/08="ni": INCONCLUSIVE (2 pass / 1 fail / 1 info)
   [PASS] positional frame (byte-verified): 41-08 @59 immediately left of 34-29-40 ("-iere") @61-63 — the full 41-08-34-29-40 "der-ni-i-er-e" frame; anchors 34=i,29=er,40=e ground the tail
   [PASS] rate band: cipher 41-08 pair rate=0.000542 vs era "der*"-initial word rate=0.000507 (4x band)
   [FAIL] continuation: cipher P(08|41)=1/19=0.053 vs era P(word continues "derni"|starts "der")=0.9083 — vocabulary-sensitive (Tocqueville der* ~= dernier*; a despatch may use derriere/deranger)
   [info] follower probe (info only, not scored): 08="ni" is a common syllable across many words (19x: venir/tenir/fini/...), so 34 (=i) need not dominate its followers; observed 34 x1 — no inference

-- rivals for 41/08 --
== RIVAL 41="ter"/08="ni": REFUTED (0 pass / 1 fail / 0 info)
   [FAIL] RIVAL 41="ter"/08="ni": the @59 frame would read "ter-ni-i-er-e" = "terniere" — not a French word (lexical impossibility)
== RIVAL 41="mer"/08="ni": REFUTED (0 pass / 1 fail / 0 info)
   [FAIL] RIVAL 41="mer"/08="ni": the @59 frame would read "mer-ni-i-er-e" = "merniere" — not a French word (lexical impossibility)

[done] wrote hypothesis_sweeper_results.json
{
 "H2 77=\"pas\"": {
  "verdict": "INCONCLUSIVE",
  "passed": 4,
  "failed": 3
 },
 "RIVAL 77=\"que\"": {
  "verdict": "INCONCLUSIVE",
  "passed": 2,
  "failed": 1
 },
 "RIVAL 77=\"plus\"": {
  "verdict": "REFUTED",
  "passed": 1,
  "failed": 1
 },
 "RIVAL 77=\"ne\"-swap": {
  "verdict": "REFUTED",
  "passed": 0,
  "failed": 1
 },
 "H3 06=\"ne\"": {
  "verdict": "INCONCLUSIVE",
  "passed": 6,
  "failed": 2
 },
 "RIVAL 06=\"de\"": {
  "verdict": "REFUTED",
  "passed": 2,
  "failed": 1
 },
 "RIVAL 06=\"le\"": {
  "verdict": "REFUTED",
  "passed": 1,
  "failed": 1
 },
 "H4a 96=\"par\"": {
  "verdict": "CONFIRMED",
  "passed": 4,
  "failed": 0
 },
 "H4b 96=\"de\"": {
  "verdict": "REFUTED",
  "passed": 1,
  "failed": 3
 },
 "RIVAL 96=\"pour\"": {
  "verdict": "REFUTED",
  "passed": 1,
  "failed": 1
 },
 "RIVAL 96=\"a/\u00e0\"": {
  "verdict": "REFUTED",
  "passed": 0,
  "failed": 1
 },
 "H4c 41=\"der\"/08=\"ni\"": {
  "verdict": "INCONCLUSIVE",
  "passed": 2,
  "failed": 1
 },
 "RIVAL 41=\"ter\"/08=\"ni\"": {
  "verdict": "REFUTED",
  "passed": 0,
  "failed": 1
 },
 "RIVAL 41=\"mer\"/08=\"ni\"": {
  "verdict": "REFUTED",
  "passed": 0,
  "failed": 1
 }
}
