[seg] 983 old-parse words/targets
[sweep] 434 anchor-bearing words: 27 proposals, 201 leads, 65 nulls; dropped 15 in repaired region
[wrote] sweep_results.json
  PROPOSAL @18-20 64-98-82 -> cinquième (freq 10, cells ('qui', 'e', 'm'), pv=[]) [CRIB-PROPOSAL-freqgap+2anchors]
  PROPOSAL @200-202 76-87-11 -> chancelantes (freq 2, cells ('chan', 'ce', 'la'), pv=[]) [CRIB-PROPOSAL-freqgap+2anchors]
  PROPOSAL @269-270 47-11 -> cela (freq 47, cells ('ce', 'la'), pv=['47']) [CRIB-PROPOSAL-freqgap+2anchors]
  PROPOSAL @290-292 64-29-40 -> acquière (freq 1, cells ('qui', 'er', 'e'), pv=[]) [CRIB-PROPOSAL-unique]
  PROPOSAL @352-355 78-40-92-98 -> meeting (freq 2, cells ('me', 'e', 't', 'i'), pv=['78']) [CRIB-PROPOSAL-unique]
  PROPOSAL @357-358 47-11 -> cela (freq 47, cells ('ce', 'la'), pv=['47']) [CRIB-PROPOSAL-freqgap+2anchors]
  PROPOSAL @360-363 62-48-76-47 -> circonstances (freq 45, cells ('on', 'sta', 'n', 'ce'), pv=['47']) [CRIB-PROPOSAL-freqgap+2anchors]
  PROPOSAL @376-379 82-48-00-11 -> maryland (freq 11, cells ('m', 'a', 'ry', 'la'), pv=[]) [CRIB-PROPOSAL-freqgap+2anchors]
  PROPOSAL @649-653 52-82-94-76-49 -> établissements (freq 6, cells ('se', 'm', 'en', 't', 's'), pv=['52', '94']) [CRIB-PROPOSAL-freqgap+2anchors]
  PROPOSAL @684-686 64-29-40 -> acquière (freq 1, cells ('qui', 'er', 'e'), pv=[]) [CRIB-PROPOSAL-unique]
  PROPOSAL @687-690 65-94-29-60 -> général (freq 154, cells ('g', 'en', 'er', 'a'), pv=['94']) [CRIB-PROPOSAL-freqgap+2anchors]
  PROPOSAL @819-822 78-40-95-13 -> meeting (freq 2, cells ('me', 'e', 't', 'i'), pv=['78']) [CRIB-PROPOSAL-unique]
  PROPOSAL @845-848 00-33-96-40 -> comparer (freq 22, cells ('o', 'm', 'par', 'e'), pv=[]) [CRIB-PROPOSAL-freqgap+2anchors]
  PROPOSAL @1041-1043 77-82-63 -> seulement (freq 136, cells ('le', 'm', 'ent'), pv=[]) [CRIB-PROPOSAL-freqgap+2anchors]
  PROPOSAL @1158-1160 77-82-44 -> seulement (freq 136, cells ('le', 'm', 'ent'), pv=[]) [CRIB-PROPOSAL-freqgap+2anchors]
  PROPOSAL @1196-1198 96-82-16 -> parmi (freq 174, cells ('par', 'm', 'i'), pv=[]) [CRIB-PROPOSAL-unique]
  PROPOSAL @1199-1202 64-29-45-58 -> acquièrent (freq 3, cells ('qui', 'er', 'en', 't'), pv=[]) [CRIB-PROPOSAL-unique]
  PROPOSAL @1225-1228 57-64-79-82 -> cinquième (freq 10, cells ('n', 'qui', 'e', 'm'), pv=[]) [CRIB-PROPOSAL-freqgap+2anchors]
  PROPOSAL @1242-1245 87-11-00-33 -> chancelantes (freq 2, cells ('ce', 'la', 'n', 't'), pv=[]) [CRIB-PROPOSAL-freqgap+2anchors]
  PROPOSAL @1293-1296 94-52-80-04 -> ensemble (freq 43, cells ('en', 'se', 'm', 'b'), pv=['52', '94']) [CRIB-PROPOSAL-freqgap+2anchors]
  PROPOSAL @1321-1324 29-80-08-62 -> confédération (freq 53, cells ('er', 'at', 'i', 'on'), pv=[]) [CRIB-PROPOSAL-freqgap+2anchors]
  PROPOSAL @1349-1351 62-48-77 -> nationale (freq 39, cells ('on', 'a', 'le'), pv=[]) [CRIB-PROPOSAL-freqgap+2anchors]
  PROPOSAL @1362-1364 62-94-79 -> donner (freq 82, cells ('on', 'ne', 'r'), pv=['94']) [CRIB-PROPOSAL-freqgap+2anchors]
  PROPOSAL @1385-1387 52-82-16 -> semble (freq 88, cells ('se', 'm', 'b'), pv=['52']) [CRIB-PROPOSAL-freqgap+2anchors]
  PROPOSAL @1414-1416 74-34-52 -> raison (freq 99, cells ('a', 'i', 'so'), pv=['52']) [CRIB-PROPOSAL-freqgap+2anchors]
  PROPOSAL @1686-1688 62-94-79 -> donner (freq 82, cells ('on', 'ne', 'r'), pv=['94']) [CRIB-PROPOSAL-freqgap+2anchors]
  PROPOSAL @1704-1706 62-94-88 -> donner (freq 82, cells ('on', 'ne', 'r'), pv=['94']) [CRIB-PROPOSAL-freqgap+2anchors]
