[standard] guizot-memoires-t1-gutenberg.txt: staged (committed)
[standard] guizot-memoires-t3-gutenberg.txt: staged (committed)
[standard] guizot-memoires-t5-t6.txt: staged (committed)
[standard] nesselrode-v7.txt: staged (committed)
[standard] nesselrode-v8.txt: staged (committed)
[standard] nesselrode-v9.txt: staged (committed)
[standard] nesselrode-v10.txt: staged (committed)
[standard] pozzo-di-borgo-correspondance-v1.txt: staged (committed)
[standard] revue-deux-mondes-1841-q1.txt: staged (committed)
[standard] revue-deux-mondes-1841-q2.txt: staged (committed)
[standard] revue-deux-mondes-1841-q3.txt: staged (committed)
[standard] aggregating staged counts (4037445 cells)...
[standard] kept ngrams=1561980 unigrams=16742 cells=4037445
[byear] guizot-memoires-t1-gutenberg.txt: staged (committed)
[byear] guizot-memoires-t3-gutenberg.txt: staged (committed)
[byear] guizot-memoires-t5-t6.txt: staged (committed)
[byear] nesselrode-v7.txt: staged (committed)
[byear] nesselrode-v8.txt: staged (committed)
[byear] nesselrode-v9.txt: staged (committed)
[byear] nesselrode-v10.txt: staged (committed)
[byear] pozzo-di-borgo-correspondance-v1.txt: staged (committed)
[byear] revue-deux-mondes-1841-q1.txt: staged (committed)
[byear] revue-deux-mondes-1841-q2.txt: staged (committed)
[byear] revue-deux-mondes-1841-q3.txt: staged (committed)
[byear] aggregating staged counts (4136570 cells)...
